\BOOKMARK [0][-]{chapter*.3}{\376\377\000L\036\335\000i\000\040\000c\036\243\000m\000\040\001\241\000n}{}% 1
\BOOKMARK [0][-]{chapter*.4}{\376\377\000L\036\335\000i\000\040\000c\000a\000m\000\040\000k\036\277\000t}{}% 2
\BOOKMARK [0][-]{chapter*.5}{\376\377\000T\000\363\000m\000\040\000t\036\257\000t}{}% 3
\BOOKMARK [0][-]{chapter.1}{\376\377\000G\000I\036\332\000I\000\040\000T\000H\000I\036\306\000U\000\040\001\020\036\300\000\040\000T\000\300\000I}{}% 4
\BOOKMARK [1][-]{section.1.1}{\376\377\001\020\036\267\000t\000\040\000v\036\245\000n\000\040\001\021\036\301}{chapter.1}% 5
\BOOKMARK [1][-]{section.1.2}{\376\377\000M\036\345\000c\000\040\000t\000i\000\352\000u\000\040\000v\000\340\000\040\000p\000h\036\241\000m\000\040\000v\000i\000\040\001\021\036\301\000\040\000t\000\340\000i}{chapter.1}% 6
\BOOKMARK [1][-]{section.1.3}{\376\377\001\020\036\313\000n\000h\000\040\000h\001\260\036\333\000n\000g\000\040\000g\000i\036\243\000i\000\040\000p\000h\000\341\000p}{chapter.1}% 7
\BOOKMARK [1][-]{section.1.4}{\376\377\000B\036\321\000\040\000c\036\345\000c\000\040\001\021\036\323\000\040\000\341\000n}{chapter.1}% 8
\BOOKMARK [0][-]{chapter.2}{\376\377\000C\001\240\000\040\000S\036\336\000\040\000L\000\335\000\040\000T\000H\000U\000Y\036\276\000T}{}% 9
\BOOKMARK [0][-]{chapter.3}{\376\377\000C\001\241\000\040\000s\036\337\000\040\000l\000\375\000\040\000t\000h\000u\000y\036\277\000t}{}% 10
\BOOKMARK [1][-]{section.3.1}{\376\377\000T\036\325\000n\000g\000\040\000q\000u\000a\000n}{chapter.3}% 11
\BOOKMARK [1][-]{section.3.2}{\376\377\000K\000i\036\277\000n\000\040\000t\000r\000\372\000c\000\040\000M\000i\000c\000r\000o\000s\000e\000r\000v\000i\000c\000e\000s}{chapter.3}% 12
\BOOKMARK [1][-]{section.3.3}{\376\377\000C\000\341\000c\000\040\000c\000\364\000n\000g\000\040\000n\000g\000h\036\307\000\040\000s\036\355\000\040\000d\036\345\000n\000g}{chapter.3}% 13
\BOOKMARK [2][-]{subsection.3.3.1}{\376\377\000C\000\364\000n\000g\000\040\000n\000g\000h\036\307\000\040\000p\000h\000\355\000a\000\040\000B\000a\000c\000k\000e\000n\000d}{section.3.3}% 14
\BOOKMARK [2][-]{subsection.3.3.2}{\376\377\000C\000\364\000n\000g\000\040\000n\000g\000h\036\307\000\040\000p\000h\000\355\000a\000\040\000F\000r\000o\000n\000t\000e\000n\000d}{section.3.3}% 15
\BOOKMARK [1][-]{section.3.4}{\376\377\000N\036\301\000n\000\040\000t\036\243\000n\000g\000\040\000t\000r\000i\036\303\000n\000\040\000k\000h\000a\000i\000\040\000v\000\340\000\040\000D\000e\000v\000O\000p\000s}{chapter.3}% 16
\BOOKMARK [2][-]{subsection.3.4.1}{\376\377\000C\000o\000n\000t\000a\000i\000n\000e\000r\000\040\000h\000\363\000a\000\040\000v\036\333\000i\000\040\000D\000o\000c\000k\000e\000r}{section.3.4}% 17
\BOOKMARK [2][-]{subsection.3.4.2}{\376\377\001\020\000i\036\301\000u\000\040\000p\000h\036\321\000i\000\040\000v\036\333\000i\000\040\000K\000u\000b\000e\000r\000n\000e\000t\000e\000s}{section.3.4}% 18
\BOOKMARK [2][-]{subsection.3.4.3}{\376\377\000C\000I\000/\000C\000D\000\040\000v\036\333\000i\000\040\000G\000i\000t\000H\000u\000b\000\040\000A\000c\000t\000i\000o\000n\000s\000\040\000v\000\340\000\040\000A\000r\000g\000o\000\040\000C\000D}{section.3.4}% 19
\BOOKMARK [1][-]{section.3.5}{\376\377\000T\000r\000\355\000\040\000t\000u\036\307\000\040\000n\000h\000\342\000n\000\040\000t\036\241\000o\000\040\000v\000\340\000\040\000M\000\364\000\040\000h\000\354\000n\000h\000\040\000n\000g\000\364\000n\000\040\000n\000g\036\357\000\040\000l\036\333\000n\000\040\000\050\000L\000L\000M\000\051}{chapter.3}% 20
\BOOKMARK [1][-]{section.3.6}{\376\377\000K\036\277\000t\000\040\000c\000h\001\260\001\241\000n\000g}{chapter.3}% 21
\BOOKMARK [0][-]{chapter.4}{\376\377\000P\000H\000\302\000N\000\040\000T\000\315\000C\000H\000\040\000V\000\300\000\040\000T\000H\000I\036\276\000T\000\040\000K\036\276\000\040\000H\036\306\000\040\000T\000H\036\320\000N\000G}{}% 22
\BOOKMARK [0][-]{chapter.5}{\376\377\000P\000h\000\342\000n\000\040\000t\000\355\000c\000h\000\040\000v\000\340\000\040\000T\000h\000i\036\277\000t\000\040\000k\036\277\000\040\000h\036\307\000\040\000t\000h\036\321\000n\000g}{}% 23
\BOOKMARK [1][-]{section.5.1}{\376\377\000T\036\325\000n\000g\000\040\000q\000u\000a\000n}{chapter.5}% 24
\BOOKMARK [1][-]{section.5.2}{\376\377\000P\000h\000\342\000n\000\040\000t\000\355\000c\000h\000\040\000y\000\352\000u\000\040\000c\036\247\000u}{chapter.5}% 25
\BOOKMARK [2][-]{subsection.5.2.1}{\376\377\000Y\000\352\000u\000\040\000c\036\247\000u\000\040\000c\000h\036\351\000c\000\040\000n\001\003\000n\000g}{section.5.2}% 26
\BOOKMARK [2][-]{subsection.5.2.2}{\376\377\000Y\000\352\000u\000\040\000c\036\247\000u\000\040\000p\000h\000i\000\040\000c\000h\036\351\000c\000\040\000n\001\003\000n\000g}{section.5.2}% 27
\BOOKMARK [1][-]{section.5.3}{\376\377\000T\000h\000i\036\277\000t\000\040\000k\036\277\000\040\000h\036\307\000\040\000t\000h\036\321\000n\000g}{chapter.5}% 28
\BOOKMARK [2][-]{subsection.5.3.1}{\376\377\000T\000h\000i\036\277\000t\000\040\000k\036\277\000\040\000c\000a\000\040\000s\036\355\000\040\000d\036\345\000n\000g\000\040\000\050\000U\000s\000e\000\040\000C\000a\000s\000e\000\051}{section.5.3}% 29
\BOOKMARK [2][-]{subsection.5.3.2}{\376\377\000T\000h\000i\036\277\000t\000\040\000k\036\277\000\040\000c\001\241\000\040\000s\036\337\000\040\000d\036\357\000\040\000l\000i\036\307\000u}{section.5.3}% 30
\BOOKMARK [2][-]{subsection.5.3.3}{\376\377\000T\000h\000i\036\277\000t\000\040\000k\036\277\000\040\000g\000i\000a\000o\000\040\000d\000i\036\307\000n\000\040\000\050\000U\000I\000/\000U\000X\000\051}{section.5.3}% 31
\BOOKMARK [2][-]{subsection.5.3.4}{\376\377\000T\000h\000i\036\277\000t\000\040\000k\036\277\000\040\000t\000r\000i\036\303\000n\000\040\000k\000h\000a\000i\000\040\000v\000\340\000\040\000D\000e\000v\000O\000p\000s}{section.5.3}% 32
\BOOKMARK [1][-]{section.5.4}{\376\377\000K\036\277\000t\000\040\000c\000h\001\260\001\241\000n\000g}{chapter.5}% 33
\BOOKMARK [0][-]{chapter.6}{\376\377\000K\036\276\000T\000\040\000Q\000U\036\242\000\040\000T\000H\036\360\000C\000\040\000N\000G\000H\000I\036\306\000M}{}% 34
\BOOKMARK [1][-]{section.6.1}{\376\377\000T\000h\000i\036\277\000t\000\040\000k\036\277\000\040\000k\000i\036\277\000n\000\040\000t\000r\000\372\000c}{chapter.6}% 35
\BOOKMARK [2][-]{subsection.6.1.1}{\376\377\000L\036\361\000a\000\040\000c\000h\036\315\000n\000\040\000k\000i\036\277\000n\000\040\000t\000r\000\372\000c\000\040\000p\000h\036\247\000n\000\040\000m\036\301\000m}{section.6.1}% 36
\BOOKMARK [2][-]{subsection.6.1.2}{\376\377\000T\000h\000i\036\277\000t\000\040\000k\036\277\000\040\000t\036\325\000n\000g\000\040\000q\000u\000a\000n}{section.6.1}% 37
\BOOKMARK [2][-]{subsection.6.1.3}{\376\377\000T\000h\000i\036\277\000t\000\040\000k\036\277\000\040\000c\000h\000i\000\040\000t\000i\036\277\000t\000\040\000g\000\363\000i}{section.6.1}% 38
\BOOKMARK [1][-]{section.6.2}{\376\377\000T\000h\000i\036\277\000t\000\040\000k\036\277\000\040\000c\000h\000i\000\040\000t\000i\036\277\000t}{chapter.6}% 39
\BOOKMARK [2][-]{subsection.6.2.1}{\376\377\000T\000h\000i\036\277\000t\000\040\000k\036\277\000\040\000g\000i\000a\000o\000\040\000d\000i\036\307\000n}{section.6.2}% 40
\BOOKMARK [2][-]{subsection.6.2.2}{\376\377\000T\000h\000i\036\277\000t\000\040\000k\036\277\000\040\000l\036\333\000p}{section.6.2}% 41
\BOOKMARK [2][-]{subsection.6.2.3}{\376\377\000T\000h\000i\036\277\000t\000\040\000k\036\277\000\040\000c\001\241\000\040\000s\036\337\000\040\000d\036\357\000\040\000l\000i\036\307\000u}{section.6.2}% 42
\BOOKMARK [1][-]{section.6.3}{\376\377\000X\000\342\000y\000\040\000d\036\361\000n\000g\000\040\036\351\000n\000g\000\040\000d\036\345\000n\000g}{chapter.6}% 43
\BOOKMARK [2][-]{subsection.6.3.1}{\376\377\000T\000h\001\260\000\040\000v\000i\036\307\000n\000\040\000v\000\340\000\040\000c\000\364\000n\000g\000\040\000c\036\345\000\040\000s\036\355\000\040\000d\036\345\000n\000g}{section.6.3}% 44
\BOOKMARK [2][-]{subsection.6.3.2}{\376\377\000K\036\277\000t\000\040\000q\000u\036\243\000\040\001\021\036\241\000t\000\040\001\021\001\260\036\343\000c}{section.6.3}% 45
\BOOKMARK [2][-]{subsection.6.3.3}{\376\377\000M\000i\000n\000h\000\040\000h\036\315\000a\000\040\000c\000\341\000c\000\040\000c\000h\036\351\000c\000\040\000n\001\003\000n\000g\000\040\000c\000h\000\355\000n\000h}{section.6.3}% 46
\BOOKMARK [1][-]{section.6.4}{\376\377\000K\000i\036\303\000m\000\040\000t\000h\036\355}{chapter.6}% 47
\BOOKMARK [1][-]{section.6.5}{\376\377\000T\000r\000i\036\303\000n\000\040\000k\000h\000a\000i}{chapter.6}% 48
\BOOKMARK [0][-]{chapter.7}{\376\377\000C\000\301\000C\000\040\000G\000I\036\242\000I\000\040\000P\000H\000\301\000P\000\040\000V\000\300\000\040\001\020\000\323\000N\000G\000\040\000G\000\323\000P\000\040\000N\036\324\000I\000\040\000B\036\254\000T}{}% 49
\BOOKMARK [0][-]{chapter.8}{\376\377\000K\036\276\000T\000\040\000L\000U\036\254\000N\000\040\000V\000\300\000\040\000H\001\257\036\332\000N\000G\000\040\000P\000H\000\301\000T\000\040\000T\000R\000I\036\302\000N}{}% 50
\BOOKMARK [1][-]{section.8.1}{\376\377\000K\036\277\000t\000\040\000l\000u\036\255\000n}{chapter.8}% 51
\BOOKMARK [1][-]{section.8.2}{\376\377\000H\001\260\036\333\000n\000g\000\040\000p\000h\000\341\000t\000\040\000t\000r\000i\036\303\000n}{chapter.8}% 52
\BOOKMARK [0][-]{section*.43}{\376\377\000T\000\300\000I\000\040\000L\000I\036\306\000U\000\040\000T\000H\000A\000M\000\040\000K\000H\036\242\000O}{}% 53
\BOOKMARK [0][-]{section*.44}{\376\377\000P\000H\036\344\000\040\000L\036\344\000C}{}% 54
\BOOKMARK [0][-]{appendix.1.A}{\376\377\000H\001\257\036\332\000N\000G\000\040\000D\036\252\000N\000\040\000V\000I\036\276\000T\000\040\001\020\036\322\000\040\000\301\000N\000\040\000T\036\320\000T\000\040\000N\000G\000H\000I\036\306\000P}{}% 55
\BOOKMARK [1][-]{section.1.A.1}{\376\377\000N\000g\000\340\000n\000h\000\040\000h\036\315\000c}{appendix.1.A}% 56
\BOOKMARK [1][-]{section.1.A.2}{\376\377\001\020\000\341\000n\000h\000\040\000d\036\245\000u\000\040\000\050\000b\000u\000l\000l\000e\000t\000\051\000\040\000v\000\340\000\040\001\021\000\341\000n\000h\000\040\000s\036\321\000\040\000\050\000n\000u\000m\000e\000r\000i\000n\000g\000\051}{appendix.1.A}% 57
\BOOKMARK [1][-]{section.1.A.3}{\376\377\000C\000\341\000c\000h\000\040\000t\000h\000\352\000m\000\040\000b\036\243\000n\000g}{appendix.1.A}% 58
\BOOKMARK [1][-]{section.1.A.4}{\376\377\000C\000h\000\350\000n\000\040\000h\000\354\000n\000h\000\040\036\243\000n\000h}{appendix.1.A}% 59
\BOOKMARK [1][-]{section.1.A.5}{\376\377\000T\000\340\000i\000\040\000l\000i\036\307\000u\000\040\000t\000h\000a\000m\000\040\000k\000h\036\243\000o}{appendix.1.A}% 60
\BOOKMARK [1][-]{section.1.A.6}{\376\377\000C\000\341\000c\000h\000\040\000v\000i\036\277\000t\000\040\000p\000h\001\260\001\241\000n\000g\000\040\000t\000r\000\354\000n\000h\000\040\000v\000\340\000\040\000c\000\364\000n\000g\000\040\000t\000h\036\351\000c\000\040\000t\000o\000\341\000n\000\040\000h\036\315\000c}{appendix.1.A}% 61
\BOOKMARK [1][-]{section.1.A.7}{\376\377\000Q\000u\000i\000\040\000c\000\341\000c\000h\000\040\001\021\000\363\000n\000g\000\040\000q\000u\000y\036\303\000n}{appendix.1.A}% 62
\BOOKMARK [0][-]{appendix.1.B}{\376\377\001\020\036\266\000C\000\040\000T\036\242\000\040\000U\000S\000E\000\040\000C\000A\000S\000E}{}% 63
\BOOKMARK [1][-]{section.1.B.1}{\376\377\001\020\036\267\000c\000\040\000t\036\243\000\040\000u\000s\000e\000\040\000c\000a\000s\000e\000\040\000`\000`\000T\000h\036\321\000n\000g\000\040\000k\000\352\000\040\000t\000\354\000n\000h\000\040\000h\000\354\000n\000h\000\040\000m\001\260\036\343\000n\000\040\000s\000\341\000c\000h\000'\000'}{appendix.1.B}% 64
\BOOKMARK [1][-]{section.1.B.2}{\376\377\001\020\036\267\000c\000\040\000t\036\243\000\040\000u\000s\000e\000\040\000c\000a\000s\000e\000\040\000`\000`\001\020\001\003\000n\000g\000\040\000k\000\375\000\040\000l\000\340\000m\000\040\000t\000h\036\273\000\040\000m\001\260\036\343\000n\000'\000'}{appendix.1.B}% 65
